<!DOCTYPE html>
<html lang="en">
<head>
	<meta charset="UTF-8">
	<title>Golden</title>
	<link rel="stylesheet" href="css/main.css">
</head>
<body>
	<header>
		<div class="container">
			<div class="heading clearfix">
				<img src="img/logo.png" alt="Golden" class="logo">
				<nav>
					<ul class="menu">
						<li>
							<a href="#">Home</a>
						</li>
						<li>
							<a href="#">Servises</a>
						</li>
						<li>
							<a href="#">Portfolio</a>
						</li>
						<li>
							<a href="#">About</a>
						</li>
						<li>
							<a href="#">Contact</a>
						</li>
					</ul>
				</nav>
			</div>
			<div class="titles">
				<div class="titles_first">
					Welcome To Our Studio!
				</div>
				<h1>
					It's nice to Meet you
				</h1>
			</div>
			<a href="#" class="button">Tell Me More</a>
		</div>
	</header>
	<section id="services">
		<div class="container">
			<div class="title">
				<h2>
					Services
				</h2>
				<p>
					Proin iaculis purus conseqquat sem core.
				</p>
			</div>
			<div class="services clearfix">
				<div class="services_item">
					<img src="img/icon1.png" alt="Услуга">
					<h3>
						E-Commerce
					</h3>
					<p>
						shfkhasflkashfklashfklashfklas
					</p>
				</div>
				<div class="services_item">
					<img src="img/icon2.png" alt="Услуга">
					<h3>
						Responsive Web
					</h3>
					<p>
						shfkhasflkashfklashfklashfklas
					</p>
				</div>
				<div class="services_item">
					<img src="img/icon3.png" alt="Услуга">
					<h3>
						Web Security
					</h3>
					<p>
						shfkhasflkashfklashfklashfklas
					</p>
				</div>
			</div>
		</div>
	</section>
	<section id="portfolio">
		<div class="container">
			<div class="title">
				<h2>
					Our portfolio
				</h2>
				<p>
					Proin iaculis purus conseqquat sem core.
				</p>
			</div>
			<div class="portfolio clearfix">
				<div class="works clearfix">
					<img src="img/img1.jpg" alt="Работа">
					<img src="img/img2.jpg" alt="Работа">
					<img src="img/img3.jpg" alt="Работа">
				</div>
			</div>
		</div>
	</section>
	<section id="about">
		<div class="container">
			<div class="title">
				<h2>
					About us
				</h2>
				<p>
					Proin iaculis purus conseqquat sem core.
				</p>
			</div>
			<div class="about clearfix">
				<div class="about_item">
					<img src="img/about1.jpg" alt="about">
					<div class="about_text">
						<h3>
							ghbdtn
						</h3>
						<p>
							asdasdasfsds<br>jfshdlfsdhflksdh<br>flksdhfklsdfhls<br>kdfhsdkfhsdklfhsdkgf<br>hskdlfhsdklf
						</p>
					</div>
				</div>
				<div class="about_itemr">
					<img src="img/about2.jpg" alt="about">
					<div class="about_textr">
						<h3>
							ghbdtn
						</h3>
						<p>
							asdasdas
						</p>
					</div>
				</div>
				<div class="about_item">
					<img src="img/about3.jpg" alt="about">
					<div class="about_text">
						<h3>
							ghbdtn
						</h3>
						<p>
							asdasdas
						</p>
					</div>
				</div>
				<div class="about_itemr">
					<img src="img/about4.jpg" alt="about">
					<div class="about_textr">
						<h3>
							ghbdtn
						</h3>
						<p>
							asdasdas
						</p>
					</div>
				</div>
			</div>
		</div>
	</section>
	<footer>
		<div class="container">
			<p>
				2014-2015
			</p>
		</div>
	</footer>
</body>
</html>